MPLINK 4.37, Linker
Linker Map File - Created Tue Nov 09 12:50:54 2010

                                 Section Info
                  Section       Type    Address   Location Size(Bytes)
                ---------  ---------  ---------  ---------  ---------
                   .org_0       code   0x000000    program   0x000000
                   .org_1       code   0x000000    program   0x000048
.config_2007_MOTORON_628_1_3.O       code   0x002007    program   0x000002



                              Program Memory Usage 
                               Start         End      
                           ---------   ---------      
                            0x000000    0x000023      
                            0x002007    0x002007      
            37 out of 2183 program addresses used, program memory utilization is 1%



                              Symbols - Sorted by Name
                     Name    Address   Location    Storage File                     
                ---------  ---------  ---------  --------- ---------                
                   Delay2   0x00001d    program     static C:\Data\Development\Projects\Two.Switch.Bot\MOTORON_628_1_3.asm
                  FORWARD   0x000011    program     static C:\Data\Development\Projects\Two.Switch.Bot\MOTORON_628_1_3.asm
                     LOOP   0x00000c    program     static C:\Data\Development\Projects\Two.Switch.Bot\MOTORON_628_1_3.asm
                    RESET   0x000004    program     static C:\Data\Development\Projects\Two.Switch.Bot\MOTORON_628_1_3.asm
                  REVERSE   0x000017    program     static C:\Data\Development\Projects\Two.Switch.Bot\MOTORON_628_1_3.asm



                              Symbols - Sorted by Address
                     Name    Address   Location    Storage File                     
                ---------  ---------  ---------  --------- ---------                
                    RESET   0x000004    program     static C:\Data\Development\Projects\Two.Switch.Bot\MOTORON_628_1_3.asm
                     LOOP   0x00000c    program     static C:\Data\Development\Projects\Two.Switch.Bot\MOTORON_628_1_3.asm
                  FORWARD   0x000011    program     static C:\Data\Development\Projects\Two.Switch.Bot\MOTORON_628_1_3.asm
                  REVERSE   0x000017    program     static C:\Data\Development\Projects\Two.Switch.Bot\MOTORON_628_1_3.asm
                   Delay2   0x00001d    program     static C:\Data\Development\Projects\Two.Switch.Bot\MOTORON_628_1_3.asm


