MPLINK 4.37, Linker
Linker Map File - Created Fri Jul 15 17:18:28 2011

                                 Section Info
                  Section       Type    Address   Location Size(Bytes)
                ---------  ---------  ---------  ---------  ---------
                   .org_0       code   0x000000    program   0x000000
                   .org_1       code   0x000000    program   0x000042
.config_2007_MOTORON_628_1_4.O       code   0x002007    program   0x000002



                              Program Memory Usage 
                               Start         End      
                           ---------   ---------      
                            0x000000    0x000020      
                            0x002007    0x002007      
            34 out of 2183 program addresses used, program memory utilization is 1%



                              Symbols - Sorted by Name
                     Name    Address   Location    Storage File                     
                ---------  ---------  ---------  --------- ---------                
              Back_Switch   0x000014    program     static C:\Data\Development\Projects\Two.Switch.Bot\MOTORON_628_1_4.asm
             Front_Switch   0x000011    program     static C:\Data\Development\Projects\Two.Switch.Bot\MOTORON_628_1_4.asm
                     LOOP   0x00000c    program     static C:\Data\Development\Projects\Two.Switch.Bot\MOTORON_628_1_4.asm
           Motor1_Forward   0x000017    program     static C:\Data\Development\Projects\Two.Switch.Bot\MOTORON_628_1_4.asm
           Motor1_Reverse   0x00001c    program     static C:\Data\Development\Projects\Two.Switch.Bot\MOTORON_628_1_4.asm
                    RESET   0x000004    program     static C:\Data\Development\Projects\Two.Switch.Bot\MOTORON_628_1_4.asm



                              Symbols - Sorted by Address
                     Name    Address   Location    Storage File                     
                ---------  ---------  ---------  --------- ---------                
                    RESET   0x000004    program     static C:\Data\Development\Projects\Two.Switch.Bot\MOTORON_628_1_4.asm
                     LOOP   0x00000c    program     static C:\Data\Development\Projects\Two.Switch.Bot\MOTORON_628_1_4.asm
             Front_Switch   0x000011    program     static C:\Data\Development\Projects\Two.Switch.Bot\MOTORON_628_1_4.asm
              Back_Switch   0x000014    program     static C:\Data\Development\Projects\Two.Switch.Bot\MOTORON_628_1_4.asm
           Motor1_Forward   0x000017    program     static C:\Data\Development\Projects\Two.Switch.Bot\MOTORON_628_1_4.asm
           Motor1_Reverse   0x00001c    program     static C:\Data\Development\Projects\Two.Switch.Bot\MOTORON_628_1_4.asm


