MPLINK 4.37, Linker
Linker Map File - Created Fri Nov 05 16:52:46 2010

                                 Section Info
                  Section       Type    Address   Location Size(Bytes)
                ---------  ---------  ---------  ---------  ---------
                   .org_0       code   0x000000    program   0x000000
                   .org_1       code   0x000000    program   0x00003a
.config_2007_MOTORON_628_1_2.O       code   0x002007    program   0x000002



                              Program Memory Usage 
                               Start         End      
                           ---------   ---------      
                            0x000000    0x00001c      
                            0x002007    0x002007      
            30 out of 2182 program addresses used, program memory utilization is 1%



                              Symbols - Sorted by Name
                     Name    Address   Location    Storage File                     
                ---------  ---------  ---------  --------- ---------                
                  ALLSTOP   0x000014    program     static C:\Data\Development\Projects\Two.Switch.Bot\MOTORON_628_1_2.asm
                    Delay   0x00001b    program     static C:\Data\Development\Projects\Two.Switch.Bot\MOTORON_628_1_2.asm
                  Forward   0x000015    program     static C:\Data\Development\Projects\Two.Switch.Bot\MOTORON_628_1_2.asm
                     Loop   0x00000c    program     static C:\Data\Development\Projects\Two.Switch.Bot\MOTORON_628_1_2.asm
                  Reverse   0x000018    program     static C:\Data\Development\Projects\Two.Switch.Bot\MOTORON_628_1_2.asm
                     main   0x000003    program     static C:\Data\Development\Projects\Two.Switch.Bot\MOTORON_628_1_2.asm



                              Symbols - Sorted by Address
                     Name    Address   Location    Storage File                     
                ---------  ---------  ---------  --------- ---------                
                     main   0x000003    program     static C:\Data\Development\Projects\Two.Switch.Bot\MOTORON_628_1_2.asm
                     Loop   0x00000c    program     static C:\Data\Development\Projects\Two.Switch.Bot\MOTORON_628_1_2.asm
                  ALLSTOP   0x000014    program     static C:\Data\Development\Projects\Two.Switch.Bot\MOTORON_628_1_2.asm
                  Forward   0x000015    program     static C:\Data\Development\Projects\Two.Switch.Bot\MOTORON_628_1_2.asm
                  Reverse   0x000018    program     static C:\Data\Development\Projects\Two.Switch.Bot\MOTORON_628_1_2.asm
                    Delay   0x00001b    program     static C:\Data\Development\Projects\Two.Switch.Bot\MOTORON_628_1_2.asm


